node.exe : 
[31mΓ£ù[39m 
Build failed in 
236ms
At line:1 char:1
+ & "C:\Program Fil
es\nodejs/node.exe"
 "C:\Users\k 
bhageeratha 
reddy\Ap ...
+ ~~~~~~~~~~~~~~~~~
~~~~~~~~~~~~~~~~~~~
~~~~~~~~~~~~~~~~~~~
~~~~~~~~~~~~~~
    + CategoryInfo 
             : No  
  tSpecified: (   
 [31mΓ£ù[39m B    
uild failed in     
236ms:String)     
[], RemoteExc    
eption
    + FullyQualifi 
   edErrorId : Na  
  tiveCommandErr   
 or
 
[31merror during 
build:
[31m[@tailwindcss/
vite:generate:build
] Cannot apply 
unknown utility 
class `shadow-[0_8p
x_32px_0_rgba(0,`[
31m
file: 
[36mC:/Users/k 
bhageeratha reddy/D
ownloads/portfolio/
src/index.css[31m
    at 
onInvalidCandidate 
(file:///C:/Users/k
%20bhageeratha%20re
ddy/Downloads/portf
olio/node_modules/t
ailwindcss/dist/chu
nk-CT46QCH7.mjs:21:
1511)
    at Ce (file:///
C:/Users/k%20bhagee
ratha%20reddy/Downl
oads/portfolio/node
_modules/tailwindcs
s/dist/chunk-CT46QC
H7.mjs:16:36326)
    at file:///C:/U
sers/k%20bhageerath
a%20reddy/Downloads
/portfolio/node_mod
ules/tailwindcss/di
st/chunk-CT46QCH7.m
js:21:355
    at br (file:///
C:/Users/k%20bhagee
ratha%20reddy/Downl
oads/portfolio/node
_modules/tailwindcs
s/dist/chunk-CT46QC
H7.mjs:3:1718)
    at I (file:///C
:/Users/k%20bhageer
atha%20reddy/Downlo
ads/portfolio/node_
modules/tailwindcss
/dist/chunk-CT46QCH
7.mjs:3:1377)
    at Ae (file:///
C:/Users/k%20bhagee
ratha%20reddy/Downl
oads/portfolio/node
_modules/tailwindcs
s/dist/chunk-CT46QC
H7.mjs:21:172)
    at Wi (file:///
C:/Users/k%20bhagee
ratha%20reddy/Downl
oads/portfolio/node
_modules/tailwindcs
s/dist/chunk-CT46QC
H7.mjs:38:294)
    at async Za (fi
le:///C:/Users/k%20
bhageeratha%20reddy
/Downloads/portfoli
o/node_modules/tail
windcss/dist/chunk-
CT46QCH7.mjs:38:631
)
    at async rf (fi
le:///C:/Users/k%20
bhageeratha%20reddy
/Downloads/portfoli
o/node_modules/tail
windcss/dist/chunk-
CT46QCH7.mjs:38:140
6)
    at async lu (fi
le:///C:/Users/k%20
bhageeratha%20reddy
/Downloads/portfoli
o/node_modules/@tai
lwindcss/node/dist/
index.mjs:10:3458)
[39m
